mode: set
github.com/agent-project/harness/agent/agent.go:42.273,57.2 1 0
github.com/agent-project/harness/agent/agent.go:61.105,66.25 2 0
github.com/agent-project/harness/agent/agent.go:66.25,68.3 1 0
github.com/agent-project/harness/agent/agent.go:69.2,69.12 1 0
github.com/agent-project/harness/agent/agent.go:75.91,83.2 2 0
github.com/agent-project/harness/agent/agent.go:88.191,90.19 2 0
github.com/agent-project/harness/agent/agent.go:90.19,93.17 3 0
github.com/agent-project/harness/agent/agent.go:93.17,95.4 1 0
github.com/agent-project/harness/agent/agent.go:98.2,99.16 2 0
github.com/agent-project/harness/agent/agent.go:99.16,100.22 1 0
github.com/agent-project/harness/agent/agent.go:100.22,102.4 1 0
github.com/agent-project/harness/agent/agent.go:105.3,105.18 1 0
github.com/agent-project/harness/agent/agent.go:105.18,109.4 3 0
github.com/agent-project/harness/agent/agent.go:111.3,111.80 1 0
github.com/agent-project/harness/agent/agent.go:114.2,114.18 1 0
github.com/agent-project/harness/agent/agent.go:119.128,120.31 1 0
github.com/agent-project/harness/agent/agent.go:120.31,121.38 1 0
github.com/agent-project/harness/agent/agent.go:121.38,124.4 1 0
github.com/agent-project/harness/agent/agent.go:126.3,129.17 3 0
github.com/agent-project/harness/agent/agent.go:129.17,130.39 1 0
github.com/agent-project/harness/agent/agent.go:130.39,132.5 1 0
github.com/agent-project/harness/agent/agent.go:133.4,133.24 1 0
github.com/agent-project/harness/agent/agent.go:136.3,136.38 1 0
github.com/agent-project/harness/agent/agent.go:136.38,138.4 1 0
github.com/agent-project/harness/agent/agent.go:141.3,154.27 5 0
github.com/agent-project/harness/agent/agent.go:154.27,156.4 1 0
github.com/agent-project/harness/agent/agent.go:157.3,157.49 1 0
github.com/agent-project/harness/agent/agent.go:164.153,175.43 6 0
github.com/agent-project/harness/agent/agent.go:175.43,177.70 1 0
github.com/agent-project/harness/agent/agent.go:177.70,179.4 1 0
github.com/agent-project/harness/agent/agent.go:182.3,186.17 3 0
github.com/agent-project/harness/agent/agent.go:186.17,188.4 1 0
github.com/agent-project/harness/agent/agent.go:191.3,194.31 2 0
github.com/agent-project/harness/agent/agent.go:194.31,197.26 2 0
github.com/agent-project/harness/agent/agent.go:197.26,199.5 1 0
github.com/agent-project/harness/agent/agent.go:200.4,200.9 1 0
github.com/agent-project/harness/agent/agent.go:204.3,207.60 2 0
github.com/agent-project/harness/agent/agent.go:213.2,214.88 2 0
github.com/agent-project/harness/agent/agent.go:214.88,215.20 1 0
github.com/agent-project/harness/agent/agent.go:215.20,217.4 1 0
github.com/agent-project/harness/agent/agent.go:218.3,222.97 2 0
github.com/agent-project/harness/agent/agent.go:225.2,225.29 1 0
github.com/agent-project/harness/agent/agent.go:231.122,232.33 1 0
github.com/agent-project/harness/agent/agent.go:232.33,233.36 1 0
github.com/agent-project/harness/agent/agent.go:233.36,235.4 1 0
github.com/agent-project/harness/agent/agent.go:236.3,236.69 1 0
github.com/agent-project/harness/agent/agent.go:238.2,238.24 1 0
github.com/agent-project/harness/agent/agent.go:238.24,239.36 1 0
github.com/agent-project/harness/agent/agent.go:239.36,241.4 1 0
github.com/agent-project/harness/agent/agent.go:242.3,242.35 1 0
github.com/agent-project/harness/agent/agent.go:247.65,248.19 1 0
github.com/agent-project/harness/agent/agent.go:248.19,250.3 1 0
github.com/agent-project/harness/agent/agent.go:251.2,252.25 2 0
github.com/agent-project/harness/agent/agent.go:252.25,259.3 3 0
github.com/agent-project/harness/agent/agent.go:260.2,260.16 1 0
github.com/agent-project/harness/agent/agent.go:264.69,265.19 1 0
github.com/agent-project/harness/agent/agent.go:265.19,267.3 1 0
github.com/agent-project/harness/agent/agent.go:268.2,269.25 2 0
github.com/agent-project/harness/agent/agent.go:269.25,276.3 3 0
github.com/agent-project/harness/agent/agent.go:277.2,277.15 1 0
github.com/agent-project/harness/agent/agent.go:283.106,284.26 1 0
github.com/agent-project/harness/agent/agent.go:284.26,286.3 1 0
github.com/agent-project/harness/agent/agent.go:287.2,287.17 1 0
github.com/agent-project/harness/agent/agent.go:287.17,289.3 1 0
github.com/agent-project/harness/agent/agent.go:291.2,294.26 3 0
github.com/agent-project/harness/agent/agent.go:294.26,296.3 1 0
github.com/agent-project/harness/agent/agent.go:298.2,298.38 1 0
github.com/agent-project/harness/agent/agent.go:303.84,307.19 2 0
github.com/agent-project/harness/agent/agent.go:307.19,312.3 1 0
github.com/agent-project/harness/agent/agent.go:313.2,318.19 3 0
github.com/agent-project/harness/agent/agent.go:318.19,319.20 1 0
github.com/agent-project/harness/agent/agent.go:319.20,321.4 1 0
github.com/agent-project/harness/agent/agent.go:322.3,322.13 1 0
github.com/agent-project/harness/agent/agent.go:326.2,328.26 3 0
github.com/agent-project/harness/agent/agent.go:328.26,333.3 4 0
github.com/agent-project/harness/agent/agent.go:336.2,337.16 2 0
github.com/agent-project/harness/agent/agent.go:337.16,341.3 3 0
github.com/agent-project/harness/agent/agent.go:343.2,344.23 2 0
github.com/agent-project/harness/agent/agent.go:344.23,346.3 1 0
github.com/agent-project/harness/agent/agent.go:347.2,347.23 1 0
github.com/agent-project/harness/agent/agent.go:347.23,350.3 2 0
github.com/agent-project/harness/agent/agent.go:353.2,362.19 5 0
github.com/agent-project/harness/agent/agent.go:362.19,368.3 1 0
github.com/agent-project/harness/agent/agent.go:369.2,371.12 2 0
github.com/agent-project/harness/agent/agent.go:375.55,382.2 1 0
github.com/agent-project/harness/agent/agent.go:386.117,387.19 1 0
github.com/agent-project/harness/agent/agent.go:387.19,389.3 1 0
github.com/agent-project/harness/agent/agent.go:390.2,394.4 2 0
github.com/agent-project/harness/agent/agent.go:398.77,400.36 2 0
github.com/agent-project/harness/agent/agent.go:400.36,403.36 3 0
github.com/agent-project/harness/agent/agent.go:403.36,406.4 2 0
github.com/agent-project/harness/agent/agent.go:407.3,409.54 2 0
github.com/agent-project/harness/agent/agent.go:411.2,411.14 1 0
github.com/agent-project/harness/agent/agent.go:417.120,418.52 1 1
github.com/agent-project/harness/agent/agent.go:418.52,420.3 1 0
github.com/agent-project/harness/agent/agent.go:422.2,428.35 5 1
github.com/agent-project/harness/agent/agent.go:428.35,429.39 1 1
github.com/agent-project/harness/agent/agent.go:429.39,431.4 1 1
github.com/agent-project/harness/agent/agent.go:431.9,433.4 1 1
github.com/agent-project/harness/agent/agent.go:436.2,437.24 2 1
github.com/agent-project/harness/agent/agent.go:437.24,439.3 1 1
github.com/agent-project/harness/agent/agent.go:441.2,441.28 1 1
github.com/agent-project/harness/agent/agent.go:447.73,449.64 2 0
github.com/agent-project/harness/agent/agent.go:449.64,451.3 1 0
github.com/agent-project/harness/agent/agent.go:453.2,454.9 2 0
github.com/agent-project/harness/agent/agent.go:454.9,456.3 1 0
github.com/agent-project/harness/agent/agent.go:458.2,459.16 2 0
github.com/agent-project/harness/agent/agent.go:459.16,461.3 1 0
github.com/agent-project/harness/agent/agent.go:463.2,464.55 2 0
github.com/agent-project/harness/agent/agent.go:464.55,466.3 1 0
github.com/agent-project/harness/agent/agent.go:469.2,469.45 1 0
github.com/agent-project/harness/agent/agent.go:469.45,471.3 1 0
github.com/agent-project/harness/agent/agent.go:472.2,472.43 1 0
github.com/agent-project/harness/agent/agent.go:476.89,482.36 3 0
github.com/agent-project/harness/agent/agent.go:482.36,485.3 2 0
github.com/agent-project/harness/agent/agent.go:487.2,487.13 1 0
github.com/agent-project/harness/agent/agent.go:491.77,493.30 1 0
github.com/agent-project/harness/agent/agent.go:493.30,495.3 1 0
github.com/agent-project/harness/agent/agent.go:498.2,501.28 3 0
github.com/agent-project/harness/agent/agent.go:501.28,503.3 1 0
github.com/agent-project/harness/agent/agent.go:505.2,505.26 1 0
github.com/agent-project/harness/agent/agent.go:505.26,507.3 1 0
github.com/agent-project/harness/agent/agent.go:509.2,509.15 1 0
github.com/agent-project/harness/agent/agent.go:514.82,518.23 2 0
github.com/agent-project/harness/agent/agent.go:518.23,523.3 1 0
github.com/agent-project/harness/agent/agent.go:526.2,526.38 1 0
github.com/agent-project/harness/agent/agent.go:526.38,528.3 1 0
github.com/agent-project/harness/agent/agent.go:531.2,539.28 3 0
github.com/agent-project/harness/agent/agent.go:539.28,541.3 1 0
github.com/agent-project/harness/agent/agent.go:543.2,543.26 1 0
github.com/agent-project/harness/agent/agent.go:543.26,545.3 1 0
github.com/agent-project/harness/agent/agent.go:547.2,547.15 1 0
